should overwrite default:
  1: |
    accessModes:
      - ReadWriteOnce
    resources:
      requests:
        storage: 20G
    volumeMode: Filesystem
  2: |
    rules:
      - host: code.domain.io
        http:
          paths:
            - backend:
                service:
                  name: RELEASE-NAME-common-test
                  port:
                    number: 8443
              path: /
              pathType: ImplementationSpecific
  3: |
    - name: codeserver
      port: 8443
      protocol: TCP
      targetPort: 8443
  4: |
    image: ghcr.io/linuxserver/code-server:4.16.1
    imagePullPolicy: Always
    name: codeserver
    ports:
      - containerPort: 8443
        name: codeserver
        protocol: TCP
    volumeMounts:
      - mountPath: /config
        name: config
      - mountPath: /data
        name: data
should pass:
  1: |
    - name: codeserver
      port: 8443
      protocol: TCP
      targetPort: 8443
  2: |
    image: ghcr.io/linuxserver/code-server:4.17.1
    name: codeserver
    ports:
      - containerPort: 8443
        name: codeserver
        protocol: TCP
    volumeMounts: null
