should pass:
  1: |
    - image: busybox:0.1.0
      livenessProbe:
        tcpSocket:
          port: default
      name: common-test
      ports:
        - containerPort: null
          name: default
          protocol: TCP
      readinessProbe:
        tcpSocket:
          port: default
      volumeMounts:
        - mountPath: /config
          name: config
    - env:
        - name: CRON
          value: 0 */15 * * *
        - name: DESTINATION
          value: /backup
        - name: FLAGS
          value: --checksum
        - name: SOURCE
          value: /config
      image: ghcr.io/jasonb5/rclone:0.1.0
      name: rclone
      volumeMounts:
        - mountPath: /backup
          name: backup
          subPath: app
        - mountPath: /config
          name: config
