should create extra workload:
  1: |
    apiVersion: apps/v1
    kind: Deployment
    metadata:
      labels:
        app.kubernetes.io/instance: RELEASE-NAME
        app.kubernetes.io/managed-by: Helm
        app.kubernetes.io/name: common-test
        app.kubernetes.io/version: 0.1.0
        common/workload: db
        helm.sh/chart: common-test-0.1.0
      name: RELEASE-NAME-common-test-db
      namespace: NAMESPACE
    spec:
      replicas: null
      selector:
        matchLabels:
          app.kubernetes.io/instance: RELEASE-NAME
          app.kubernetes.io/name: common-test
          common/workload: db
      template:
        metadata:
          labels:
            app.kubernetes.io/instance: RELEASE-NAME
            app.kubernetes.io/name: common-test
            common/workload: db
        spec:
          containers:
            - image: mariadb:latest
              name: common-test
