should overwrite defaults:
  1: |
    concurrencyPolicy: Allow
    failedJobHistoryLimit: 10
    jobTemplate:
      spec:
        template:
          spec:
            containers:
              - image: busybox:0.1.0
                name: common-test
    schedule: '* * * * *'
    startingDeadlineSeconds: 10
    successfulJobHistoryLimit: 10
    timeZone: America/Los_Angeles
should pass:
  1: |
    apiVersion: batch/v1
    kind: CronJob
    metadata:
      labels:
        app.kubernetes.io/instance: RELEASE-NAME
        app.kubernetes.io/managed-by: Helm
        app.kubernetes.io/name: common-test
        app.kubernetes.io/version: 0.1.0
        helm.sh/chart: common-test-0.1.0
      name: RELEASE-NAME-common-test
      namespace: NAMESPACE
    spec:
      jobTemplate:
        spec:
          template:
            spec:
              containers:
                - image: busybox:0.1.0
                  name: common-test
      schedule: null
