should overwrite defaults:
  1: |
    minReadySeconds: 10
    revisionHistoryLimit: 20
    selector:
      matchlabels:
        app.kubernetes.io/instance: RELEASE-NAME
        app.kubernetes.io/name: common-test
        common/workload: default
    template:
      metadata:
        labels:
          app.kubernetes.io/instance: RELEASE-NAME
          app.kubernetes.io/name: common-test
          common/workload: default
      spec:
        containers:
          - image: busybox:0.1.0
            name: common-test
    updateStrategy:
      rollingUpdate:
        maxSurge: 2
        maxUnavailable: 2
      type: RollingUpdate
should pass:
  1: |
    apiVersion: app/v1
    kind: DaemonSet
    metadata:
      labels:
        app.kubernetes.io/instance: RELEASE-NAME
        app.kubernetes.io/managed-by: Helm
        app.kubernetes.io/name: common-test
        app.kubernetes.io/version: 0.1.0
        common/workload: default
        helm.sh/chart: common-test-0.1.0
      name: RELEASE-NAME-common-test
      namespace: NAMESPACE
    spec:
      selector:
        matchlabels:
          app.kubernetes.io/instance: RELEASE-NAME
          app.kubernetes.io/name: common-test
          common/workload: default
      template:
        metadata:
          labels:
            app.kubernetes.io/instance: RELEASE-NAME
            app.kubernetes.io/name: common-test
            common/workload: default
        spec:
          containers:
            - image: busybox:0.1.0
              name: common-test
      updateStrategy:
        type: OnDelete
