should enable tls:
  1: |
    apiVersion: networking.k8s.io/v1
    kind: Ingress
    metadata:
      labels:
        app.kubernetes.io/instance: RELEASE-NAME
        app.kubernetes.io/managed-by: Helm
        app.kubernetes.io/name: common-test
        app.kubernetes.io/version: 0.1.0
        common/workload: default
        helm.sh/chart: common-test-0.1.0
      name: RELEASE-NAME-common-test
      namespace: NAMESPACE
    spec:
      rules:
        - host: domain.io
          http:
            paths:
              - backend:
                  service:
                    name: RELEASE-NAME-common-test
                    port:
                      number: 80
                path: /
                pathType: ImplementationSpecific
      tls:
        - hosts:
            - domain.io
          secretName: cluster-certs
should overwrite defaults:
  1: |
    apiVersion: networking.k8s.io/v1
    kind: Ingress
    metadata:
      labels:
        app.kubernetes.io/instance: RELEASE-NAME
        app.kubernetes.io/managed-by: Helm
        app.kubernetes.io/name: common-test
        app.kubernetes.io/version: 0.1.0
        common/workload: default
        helm.sh/chart: common-test-0.1.0
      name: RELEASE-NAME-common-test
      namespace: NAMESPACE
    spec:
      ingressClassName: traefik
      rules:
        - http:
            paths:
              - backend:
                  service:
                    name: RELEASE-NAME-common-test
                    port:
                      number: 80
                path: /index
                pathType: Prefix
        - host: domain.io
          http:
            paths:
              - backend:
                  service:
                    name: RELEASE-NAME-common-test
                    port:
                      number: 443
                path: /login
                pathType: ImplementationSpecific
              - backend:
                  service:
                    name: RELEASE-NAME-common-test
                    port:
                      number: 443
                path: /version
                pathType: ImplementationSpecific
should pass:
  1: |
    apiVersion: networking.k8s.io/v1
    kind: Ingress
    metadata:
      labels:
        app.kubernetes.io/instance: RELEASE-NAME
        app.kubernetes.io/managed-by: Helm
        app.kubernetes.io/name: common-test
        app.kubernetes.io/version: 0.1.0
        common/workload: default
        helm.sh/chart: common-test-0.1.0
      name: RELEASE-NAME-common-test
      namespace: NAMESPACE
    spec:
      rules:
        - http:
            paths:
              - backend:
                  service:
                    name: RELEASE-NAME-common-test
                    port:
                      number: 80
                path: /
                pathType: ImplementationSpecific
        - host: domain.io
          http:
            paths:
              - backend:
                  service:
                    name: RELEASE-NAME-common-test
                    port:
                      number: 443
                path: /
                pathType: ImplementationSpecific
              - backend:
                  service:
                    name: RELEASE-NAME-common-test
                    port:
                      number: 443
                path: /test
                pathType: ImplementationSpecific
