should overwrite defaults:
  1: |
    activeDeadlineSeconds: 10
    backoffLimit: 10
    backoffLimitPerIndex: 2
    completionMode: Indexed
    completions: 10
    maxFailedIndexes: 2
    parallelism: 10
    podFailurePolicy:
      rules:
        - action: FailJob
          onExitCodes:
            containerName: test
            operator: In
            values:
              - 0
    podReplacementPolicy: TerminatingOrFailed
    template:
      spec:
        activeDeadlineSeconds: 10
        containers:
          - image: busybox:0.1.0
            livenessProbe:
              tcpSocket:
                port: default
            name: common-test
            ports:
              - containerPort: null
                name: default
                protocol: TCP
            readinessProbe:
              tcpSocket:
                port: default
    ttlSecondsAfterFinished: 20
should pass:
  1: |
    template:
      spec:
        containers:
          - image: busybox:0.1.0
            livenessProbe:
              tcpSocket:
                port: default
            name: common-test
            ports:
              - containerPort: null
                name: default
                protocol: TCP
            readinessProbe:
              tcpSocket:
                port: default
