should overwrite defaults:
  1: |
    - mountPath: /data
      mountPropagation: Bidirectional
      name: mount3
      readOnly: true
      subPath: test
    - mountPath: /mount4
      name: mount4
      readOnly: true
  2: |
    - name: mount3
      nfs:
        path: /mnt/users/data
        readOnly: true
        server: 192.168.0.1
    - name: mount4
      persistentVolumeClaim:
        claimName: RELEASE-NAME-common-test-mount4
        readOnly: true
should pass:
  1: |
    - mountPath: /default
      name: common-test
    - mountPath: /mount1
      name: mount1
    - mountPath: /mount2
      name: mount2
    - mountPath: /mount3
      name: mount3
    - mountPath: /mount4
      name: mount4
    - mountPath: /mount5
      name: mount5
  2: |
    - configMap:
        name: RELEASE-NAME-common-test
      name: common-test
    - emptyDir: {}
      name: mount1
    - hostPath:
        path: /data
      name: mount2
    - name: mount3
      nfs:
        path: /mnt/users/data
        server: 192.168.0.1
    - name: mount4
      persistentVolumeClaim:
        claimName: RELEASE-NAME-common-test-mount4
    - name: mount5
      secret:
        secretName: RELEASE-NAME-common-test-mount5
should propagate extraContainers volume:
  1: |
    - name: data1
      nfs:
        path: /mnt/users/data
        readOnly: true
        server: 192.168.0.1
  2: |
    - mountPath: /data1
      name: data1
      readOnly: true
should propagate initContainers volume:
  1: |
    - name: data1
      nfs:
        path: /mnt/users/data
        readOnly: true
        server: 192.168.0.1
  2: |
    - mountPath: /data1
      name: data1
      readOnly: true
should reference volume from extraContainers:
  1: |
    - mountPath: /config
      name: data1
  2: |
    - mountPath: /data1
      name: data1
      readOnly: true
  3: |
    - name: data1
      nfs:
        path: /mnt/users/data
        readOnly: true
        server: 192.168.0.1
should reference volume from initContainers:
  1: |
    - mountPath: /config
      name: data1
  2: |
    - mountPath: /data1
      name: data1
      readOnly: true
  3: |
    - name: data1
      nfs:
        path: /mnt/users/data
        readOnly: true
        server: 192.168.0.1
