should overwrite defaults:
  1: |
    minReadySeconds: 10
    ordinals: map[start:1]
    persistentVolumeClaimRetentionPolicy: map[whenDeleted:Delete]
    podManagementPolicy: OrderedReady
    replicas: 10
    revisionHistoryLimit: 20
    selector:
      matchlabels:
        app.kubernetes.io/instance: RELEASE-NAME
        app.kubernetes.io/name: common-test
    serviceName: backend
    template:
      metadata:
        labels:
          app.kubernetes.io/instance: RELEASE-NAME
          app.kubernetes.io/name: common-test
      spec:
        containers:
          - image: busybox:0.1.0
            name: common-test
    updateStrategy:
      rollingUpdate:
        maxUnavailable: 2
        partition: 2
      type: RollingUpdate
should pass:
  1: |
    apiVersion: apps/v1
    kind: StatefulSet
    metadata:
      labels:
        app.kubernetes.io/instance: RELEASE-NAME
        app.kubernetes.io/managed-by: Helm
        app.kubernetes.io/name: common-test
        app.kubernetes.io/version: 0.1.0
        helm.sh/chart: common-test-0.1.0
      name: RELEASE-NAME-common-test
      namespace: NAMESPACE
    spec:
      replicas: 1
      selector:
        matchlabels:
          app.kubernetes.io/instance: RELEASE-NAME
          app.kubernetes.io/name: common-test
      template:
        metadata:
          labels:
            app.kubernetes.io/instance: RELEASE-NAME
            app.kubernetes.io/name: common-test
        spec:
          containers:
            - image: busybox:0.1.0
              name: common-test
      updateStrategy:
        type: OnDelete
