should overwrite defaults:
  1: |
    minReadySeconds: 10
    ordinals: map[start:1]
    persistentVolumeClaimRetentionPolicy: map[whenDeleted:Delete]
    podManagementPolicy: OrderedReady
    replicas: 10
    revisionHistoryLimit: 20
    selector:
      matchlabels:
        app.kubernetes.io/instance: RELEASE-NAME
        app.kubernetes.io/name: common-test
        common/workload: default
    serviceName: backend
    template:
      metadata:
        labels:
          app.kubernetes.io/instance: RELEASE-NAME
          app.kubernetes.io/name: common-test
          common/workload: default
      spec:
        containers:
          - image: busybox:0.1.0
            livenessProbe:
              tcpSocket:
                port: default
            name: common-test
            ports:
              - containerPort: null
                name: default
                protocol: TCP
            readinessProbe:
              tcpSocket:
                port: default
    updateStrategy:
      rollingUpdate:
        maxUnavailable: 2
        partition: 2
      type: RollingUpdate
should pass:
  1: |
    replicas: 1
    selector:
      matchlabels:
        app.kubernetes.io/instance: RELEASE-NAME
        app.kubernetes.io/name: common-test
        common/workload: default
    template:
      metadata:
        labels:
          app.kubernetes.io/instance: RELEASE-NAME
          app.kubernetes.io/name: common-test
          common/workload: default
      spec:
        containers:
          - image: busybox:0.1.0
            livenessProbe:
              tcpSocket:
                port: default
            name: common-test
            ports:
              - containerPort: null
                name: default
                protocol: TCP
            readinessProbe:
              tcpSocket:
                port: default
    updateStrategy:
      type: OnDelete
